I'm sorry, but errors were detected in your script. Please correct the
errors listed below, and try again.


File "game/chapter1.rpy", line 166: expected statement.
    "但是她还是不相信。"1
                ^

Ren'Py Version: Ren'Py 8.1.3.23091805
Tue Mar 12 13:11:32 2024
